---
layout: post
title: "忙しい人の為のCentOSUSB外付けHDD増設"
categories:
- Cent OS
- "サーバー管理"
tags:
- HDD
- USB
- "増設"
status: publish
type: post
published: true
meta:
  _edit_last: '3'
author:
  login: yokoshima
  email: k.yokoshima@gmail.com
  display_name: yokoshima
  first_name: ''
  last_name: ''
---
<p>訳あって、大量データを保存する場所が欲しくなったのですが、とりあえず外付けＨＤＤ（USB接続）が売るほどあったので、<br />
それを付けてみることにしました。<br />
じっくり時間を掛けてやるヒマがないので、かいつまんで特急でやりましたが、この作業の目標としては。</p>
<p>・USDディスクを/extにマウントさせる</p>
<p>事ができればＯＫとします。（本来は、/を拡張したりとかがしたいですが・・・）</p>
<p>環境は</p>
<pre lang="bash">
# cat /etc/redhat-release
CentOS release 5.3 (Final)
# uname -a
Linux xxxxxxxxx 2.6.29.1 #6 SMP Mon Apr 27 19:17:47 JST 2009 i686 i686 i386 GNU/Linux
</pre>
<p>こちらの記事が参考になりました。<br />
<a href="http://www.atmarkit.co.jp/flinux/rensai/linuxtips/519useusbhdd.html">USBのハードディスクを接続するには</a><br />
<a href="http://kajuhome.com/disk_extension.shtml">はじめての自宅サーバ構築 - Fedora/CentOS - 物理ディスクの増設</a></p>
<p>まずは、中身はどうなっても良い外付けUSB-HDDを用意します。Buffalo HD-CN1.0TU2(容量1TB）をマシンに取り付けます。<br />
起動中につけましたが時に問題なさそう。</p>
<p>これで、USBのデバイスが認識されているかを確認します。</p>
<pre lang="bash">
# lsusb
Bus 002 Device 001: ID 1d6b:0001 Linux Foundation 1.1 root hub
Bus 003 Device 001: ID 1d6b:0001 Linux Foundation 1.1 root hub
Bus 001 Device 003: ID 0411:00a2 MelCo., Inc.
Bus 001 Device 001: ID 1d6b:0002 Linux Foundation 2.0 root hub
# cat /proc/bus/usb/devices
     ：
T:  Bus=01 Lev=01 Prnt=01 Port=01 Cnt=01 Dev#=  3 Spd=480 MxCh= 0
D:  Ver= 2.00 Cls=00(&gt;ifc ) Sub=00 Prot=00 MxPS=64 #Cfgs=  1
P:  Vendor=0411 ProdID=00a2 Rev=f6.26
S:  Manufacturer=BUFFALO INC.
S:  Product=BUFFALO INC. USB-SATA Bridge
S:  SerialNumber=FAFFFFF0FDF1FFF9BF801159
C:* #Ifs= 1 Cfg#= 1 Atr=c0 MxPwr=  2mA
I:* If#= 0 Alt= 0 #EPs= 2 Cls=08(stor.) Sub=06 Prot=50 Driver=usb-storage
E:  Ad=81(I) Atr=02(Bulk) MxPS= 512 Ivl=0ms
E:  Ad=02(O) Atr=02(Bulk) MxPS= 512 Ivl=0ms
</pre>
<p>認識されているっぽい。しかしこれだとたくさんつないだときに判別が大変になるだろうなぁ。<br />
まあサーバーにUSBHDDをタコ足しないか。</p>
<p>@ITの記事を見ると、USB接続HDDはSCSI接続として認識されるらしい。<br />
以下コマンドでSCSI接続のHDDを確認できます。</p>
<pre lang="bash">
# cat /proc/scsi/scsi
Attached devices:
Host: scsi0 Channel: 00 Id: 00 Lun: 00
  Vendor: ATA      Model: WDC WD5000AACS-0 Rev: 01.0
  Type:   Direct-Access                    ANSI  SCSI revision: 05
Host: scsi1 Channel: 00 Id: 00 Lun: 00
  Vendor: ATA      Model: WDC WD5000AACS-0 Rev: 01.0
  Type:   Direct-Access                    ANSI  SCSI revision: 05
Host: scsi3 Channel: 00 Id: 00 Lun: 00
  Vendor: SAMSUNG  Model: HD103SI          Rev:
  Type:   Direct-Access                    ANSI  SCSI revision: 02
</pre>
<p>SCSI接続の3番目なので、/dev/sdcと言う事になるんだったかな？<br />
現在のパーテーション情報を確認します。</p>
<pre lang="bash">
# fdisk -l

Disk /dev/sda: 500.1 GB, 500107862016 bytes
255 heads, 63 sectors/track, 60801 cylinders
Units = シリンダ数 of 16065 * 512 = 8225280 bytes

デバイス Boot      Start         End      Blocks   Id  System
/dev/sda1   *           1          13      104391   83  Linux
/dev/sda2              14         144     1052257+  82  Linux swap / Solaris
/dev/sda3             145       60801   487227352+  83  Linux

Disk /dev/sdb: 500.1 GB, 500107862016 bytes
255 heads, 63 sectors/track, 60801 cylinders
Units = シリンダ数 of 16065 * 512 = 8225280 bytes

デバイス Boot      Start         End      Blocks   Id  System
/dev/sdb1   *           1          13      104391   83  Linux
/dev/sdb2              14         144     1052257+  82  Linux swap / Solaris
/dev/sdb3             145       60801   487227352+  83  Linux

Disk /dev/sdc: 1000.2 GB, 1000204886016 bytes
255 heads, 63 sectors/track, 121601 cylinders
Units = シリンダ数 of 16065 * 512 = 8225280 bytes

デバイス Boot      Start         End      Blocks   Id  System
/dev/sdc1               2      121601   976752000    f  W95 Ext'd (LBA)
/dev/sdc5               2      121601   976751968+   7  HPFS/NTFS
</pre>
<p>うん。NTFSでフォーマットされているはずのものなのでこれでよいと思います。<br />
あとは/dev/sdcをLinux用にフォーマットしなおして、/extにマウントさせればＯＫ。<br />
fdiskツールを使用して領域の編集をします。</p>
<pre lang="bash">
# fdisk /dev/sdc

このディスクのシリンダ数は 121601 に設定されています。
間違いではないのですが、1024 を超えているため、以下の場合
に問題を生じうる事を確認しましょう:
1) ブート時に実行するソフトウェア (例. バージョンが古い LILO)
2) 別の OS のブートやパーティション作成ソフト
   (例. DOS FDISK, OS/2 FDISK)

コマンド (m でヘルプ): m
コマンドの動作
   a   ブート可能フラグをつける
   b   bsd ディスクラベルを編集する
   c   dos 互換フラグをつける
   d   領域を削除する
   l   既知の領域タイプをリスト表示する
   m   このメニューを表示する
   n   新たに領域を作成する
   o   新たに空の DOS 領域テーブルを作成する
   p   領域テーブルを表示する
   q   変更を保存せずに終了する
   s   空の Sun ディスクラベルを作成する
   t   領域のシステム ID を変更する
   u   表示/項目ユニットを変更する
   v   領域テーブルを照合する
   w   テーブルをディスクに書き込み、終了する
   x   特別な機能 (エキスパート専用)

</pre>
<p>まずは、既存のパーテーションを全部消します。</p>
<pre lang="bash">
コマンド (m でヘルプ): d
領域番号 (1-5): 1-5
</pre>
<p>そして、領域を新たに作成します。全部基本領域でとりあえずはいいでしょう。</p>
<pre lang="bash">
コマンド (m でヘルプ): n
コマンドアクション
   e   拡張
   p   基本領域 (1-4)
p
領域番号 (1-4): 1
最初 シリンダ (1-121601, default 1):
Using default value 1
終点 シリンダ または +サイズ または +サイズM または +サイズK (1-121601, default 121601):
Using default value 121601

コマンド (m でヘルプ): p

Disk /dev/sdc: 1000.2 GB, 1000204886016 bytes
255 heads, 63 sectors/track, 121601 cylinders
Units = シリンダ数 of 16065 * 512 = 8225280 bytes

デバイス Boot      Start         End      Blocks   Id  System
/dev/sdc1               1      121601   976760001   83  Linux

</pre>
<p>あとは、これを保存してfdiskを終了させます。</p>
<pre lang="bash">
コマンド (m でヘルプ): w
領域テーブルは交換されました！

ioctl() を呼び出して領域テーブルを再読込みします。 ←ここでなんか処理実行中
ディスクを同期させます。　←ここでもなにか処理実行中
</pre>
<p>一応確認してみると</p>
<pre lang="bash">
# fdisk /dev/sdc -l

Disk /dev/sdc: 1000.2 GB, 1000204886016 bytes
255 heads, 63 sectors/track, 121601 cylinders
Units = シリンダ数 of 16065 * 512 = 8225280 bytes

デバイス Boot      Start         End      Blocks   Id  System
/dev/sdc1               1      121601   976760001   83  Linux

</pre>
<p>うむ。全部Linux用になったようです。<br />
これでこのままマウントしてもマウントできません。まだフォーマットしていないからです</p>
<pre lang="bash">
# mount /dev/sdc1 /ext
mount: unknown filesystem type 'ntfs'
</pre>
<p>前の情報をどっかで持ってるってことなのかな？とりあえずLinux用ファイルシステムに作り変えます。</p>
<pre>
# mkfs -t ext3 /dev/sdc1
mke2fs 1.39 (29-May-2006)
Filesystem label=
OS type: Linux
Block size=4096 (log=2)
Fragment size=4096 (log=2)
122109952 inodes, 244190000 blocks
12209500 blocks (5.00%) reserved for the super user
First data block=0
Maximum filesystem blocks=0
7453 block groups
32768 blocks per group, 32768 fragments per group
16384 inodes per group
Superblock backups stored on blocks:
        32768, 98304, 163840, 229376, 294912, 819200, 884736, 1605632, 2654208,
        4096000, 7962624, 11239424, 20480000, 23887872, 71663616, 78675968,
        102400000, 214990848

Writing inode tables: done
Creating journal (32768 blocks): done
Writing superblocks and filesystem accounting information: done

This filesystem will be automatically checked every 34 mounts or
180 days, whichever comes first.  Use tune2fs -c or -i to override.
</pre>
<p>これでマウントすればＯＫです。</p>
<pre lang="bash">
# mount /dev/sdc1 /ext
# cd /ext
</pre>
<p>これで/extに移動してファイルを作ってみたりしたけど、大丈夫ぽい。簡単で拍子抜けしました。<br />
コマンドのダイジェスト</p>
<ul>
<li>USBデバイスの接続状況を表示する
<p>lsusb<br />
参考サイト<br />
<a href="http://mcn.oops.jp/wiki/index.php?USB/OS/Linux#content_1_5">USB/OS/Linux - SyncHack</a></p>
<p>cat /proc/bus/usb/devices</p>
<li>SCSIデバイスを確認する
<p>cat /proc/scsi/scsi</p>
<li>パーテーション情報を表示する
<p>fdisk -l</p>
